[     222ms] [LOG] [Fast Refresh] rebuilding @ webpack-internal:///(app-pages-browser)/../../node_modules/next/dist/client/dev/hot-reloader/app/hot-reloader-app.js:183
[     964ms] [INFO] %cDownload the React DevTools for a better development experience: https://react.dev/link/react-devtools font-weight:bold @ webpack-internal:///(app-pages-browser)/../../node_modules/next/dist/compiled/react-dom/cjs/react-dom-client.development.js:25630
[  216542ms] [LOG] [Fast Refresh] rebuilding @ webpack-internal:///(app-pages-browser)/../../node_modules/next/dist/client/dev/hot-reloader/app/hot-reloader-app.js:183
[  216755ms] [LOG] [Fast Refresh] done in 214ms @ webpack-internal:///(app-pages-browser)/../../node_modules/next/dist/client/dev/report-hmr-latency.js:13
[  217326ms] [LOG] [Fast Refresh] rebuilding @ webpack-internal:///(app-pages-browser)/../../node_modules/next/dist/client/dev/hot-reloader/app/hot-reloader-app.js:183
[  217412ms] [ERROR] Failed to load resource: the server responded with a status of 500 (Internal Server Error) @ http://localhost:3000/my-proposals:0
[  217813ms] [INFO] %cDownload the React DevTools for a better development experience: https://react.dev/link/react-devtools font-weight:bold @ webpack-internal:///(pages-dir-browser)/../../node_modules/react-dom/cjs/react-dom-client.development.js:28004
[  217878ms] TypeError: __webpack_modules__[moduleId] is not a function
    at Object.__webpack_require__ [as require] (file:///Users/Super/DocManS/apps/web/.next/server/webpack-runtime.js:25:42)
    at Object.require (file:///Users/Super/DocManS/node_modules/next/dist/compiled/next-server/app-page.runtime.dev.js:39:28541)
    at globalThis.__next_require__ (file:///Users/Super/DocManS/node_modules/next/dist/compiled/next-server/app-page.runtime.dev.js:39:29364)
    at requireModule (file:///Users/Super/DocManS/node_modules/next/dist/compiled/next-server/app-page.runtime.dev.js:2:318257)
    at initializeModuleChunk (file:///Users/Super/DocManS/node_modules/next/dist/compiled/next-server/app-page.runtime.dev.js:2:347649)
    at getOutlinedModel (file:///Users/Super/DocManS/node_modules/next/dist/compiled/next-server/app-page.runtime.dev.js:2:357408)
    at <unknown> (file:///Users/Super/DocManS/node_modules/next/dist/compiled/next-server/app-page.runtime.dev.js:2:365361)
    at ResponseInstance._fromJSON (file:///Users/Super/DocManS/node_modules/next/dist/compiled/next-server/app-page.runtime.dev.js:2:365452)
    at JSON.parse (<anonymous>)
    at initializeModelChunk (file:///Users/Super/DocManS/node_modules/next/dist/compiled/next-server/app-page.runtime.dev.js:2:347040)
    at resolveModelChunk (file:///Users/Super/DocManS/node_modules/next/dist/compiled/next-server/app-page.runtime.dev.js:2:345328)
    at processFullStringRow (file:///Users/Super/DocManS/node_modules/next/dist/compiled/next-server/app-page.runtime.dev.js:2:384472)
    at <unknown> (file:///Users/Super/DocManS/node_modules/next/dist/compiled/next-server/app-page.runtime.dev.js:2:386875)
    at processBinaryChunk (file:///Users/Super/DocManS/node_modules/next/dist/compiled/next-server/app-page.runtime.dev.js:2:386947)
    at progress (file:///Users/Super/DocManS/node_modules/next/dist/compiled/next-server/app-page.runtime.dev.js:2:388475)
[  217878ms] [LOG] [HMR] connected @ webpack-internal:///(pages-dir-browser)/../../node_modules/next/dist/client/dev/hot-reloader/pages/websocket.js:45
[  234650ms] [INFO] %cDownload the React DevTools for a better development experience: https://react.dev/link/react-devtools font-weight:bold @ webpack-internal:///(app-pages-browser)/../../node_modules/next/dist/compiled/react-dom/cjs/react-dom-client.development.js:25630
[  247172ms] [LOG] [Fast Refresh] rebuilding @ webpack-internal:///(app-pages-browser)/../../node_modules/next/dist/client/dev/hot-reloader/app/hot-reloader-app.js:183
[  247392ms] [LOG] [Fast Refresh] done in 220ms @ webpack-internal:///(app-pages-browser)/../../node_modules/next/dist/client/dev/report-hmr-latency.js:13
[  247417ms] [WARNING] Detected `scroll-behavior: smooth` on the `<html>` element. In a future version, Next.js will no longer automatically disable smooth scrolling during route transitions. To prepare for this change, add `data-scroll-behavior="smooth"` to your <html> element. Learn more: https://nextjs.org/docs/messages/missing-data-scroll-behavior @ webpack-internal:///(app-pages-browser)/../../node_modules/next/dist/shared/lib/utils/warn-once.js:15
[  249042ms] [LOG] [Fast Refresh] rebuilding @ webpack-internal:///(app-pages-browser)/../../node_modules/next/dist/client/dev/hot-reloader/app/hot-reloader-app.js:183
[  249291ms] [LOG] [Fast Refresh] done in 249ms @ webpack-internal:///(app-pages-browser)/../../node_modules/next/dist/client/dev/report-hmr-latency.js:13
